
Error [ERR_IPC_DISCONNECTED]: IPC channel is already disconnected
    at new NodeError (node:internal/errors:393:5)
    at target.disconnect (node:internal/child_process:891:26)
    at QueryProcessWrapper.destroy (C:\Users\kibro\Dropbox\Mon PC (LAPTOP-0BO1M0KD)\Documents\showdownserver\pokemon-showdown-master\dist\lib\process-manager.js:205:18)
    at QueryProcessWrapper.release (C:\Users\kibro\Dropbox\Mon PC (LAPTOP-0BO1M0KD)\Documents\showdownserver\pokemon-showdown-master\dist\lib\process-manager.js:193:12)
    at SQLDatabaseManager.releaseCrashed (C:\Users\kibro\Dropbox\Mon PC (LAPTOP-0BO1M0KD)\Documents\showdownserver\pokemon-showdown-master\dist\lib\process-manager.js:407:19)
    at ChildProcess.<anonymous> (C:\Users\kibro\Dropbox\Mon PC (LAPTOP-0BO1M0KD)\Documents\showdownserver\pokemon-showdown-master\dist\lib\process-manager.js:466:50)
    at ChildProcess.emit (node:events:513:28)
    at ChildProcess.emit (node:domain:489:12)
    at finish (node:internal/child_process:921:14)
    at process.processTicksAndRejections (node:internal/process/task_queues:77:11)

Error [ERR_IPC_DISCONNECTED]: IPC channel is already disconnected
    at new NodeError (node:internal/errors:393:5)
    at target.disconnect (node:internal/child_process:891:26)
    at QueryProcessWrapper.destroy (C:\Users\kibro\Dropbox\Mon PC (LAPTOP-0BO1M0KD)\Documents\showdownserver\pokemon-showdown-master\dist\lib\process-manager.js:205:18)
    at QueryProcessWrapper.release (C:\Users\kibro\Dropbox\Mon PC (LAPTOP-0BO1M0KD)\Documents\showdownserver\pokemon-showdown-master\dist\lib\process-manager.js:193:12)
    at SQLDatabaseManager.releaseCrashed (C:\Users\kibro\Dropbox\Mon PC (LAPTOP-0BO1M0KD)\Documents\showdownserver\pokemon-showdown-master\dist\lib\process-manager.js:407:19)
    at ChildProcess.<anonymous> (C:\Users\kibro\Dropbox\Mon PC (LAPTOP-0BO1M0KD)\Documents\showdownserver\pokemon-showdown-master\dist\lib\process-manager.js:466:50)
    at ChildProcess.emit (node:events:513:28)
    at ChildProcess.emit (node:domain:489:12)
    at finish (node:internal/child_process:921:14)
    at process.processTicksAndRejections (node:internal/process/task_queues:77:11)

Error [ERR_IPC_DISCONNECTED]: IPC channel is already disconnected
    at new NodeError (node:internal/errors:393:5)
    at target.disconnect (node:internal/child_process:891:26)
    at QueryProcessWrapper.destroy (C:\Users\kibro\Dropbox\Mon PC (LAPTOP-0BO1M0KD)\Documents\showdownserver\pokemon-showdown-master\dist\lib\process-manager.js:205:18)
    at QueryProcessWrapper.release (C:\Users\kibro\Dropbox\Mon PC (LAPTOP-0BO1M0KD)\Documents\showdownserver\pokemon-showdown-master\dist\lib\process-manager.js:193:12)
    at QueryProcessManager.releaseCrashed (C:\Users\kibro\Dropbox\Mon PC (LAPTOP-0BO1M0KD)\Documents\showdownserver\pokemon-showdown-master\dist\lib\process-manager.js:407:19)
    at ChildProcess.<anonymous> (C:\Users\kibro\Dropbox\Mon PC (LAPTOP-0BO1M0KD)\Documents\showdownserver\pokemon-showdown-master\dist\lib\process-manager.js:466:50)
    at ChildProcess.emit (node:events:513:28)
    at ChildProcess.emit (node:domain:489:12)
    at finish (node:internal/child_process:921:14)
    at process.processTicksAndRejections (node:internal/process/task_queues:77:11)

Error [ERR_IPC_DISCONNECTED]: IPC channel is already disconnected
    at new NodeError (node:internal/errors:393:5)
    at target.disconnect (node:internal/child_process:891:26)
    at QueryProcessWrapper.destroy (C:\Users\kibro\Dropbox\Mon PC (LAPTOP-0BO1M0KD)\Documents\showdownserver\pokemon-showdown-master\dist\lib\process-manager.js:205:18)
    at QueryProcessWrapper.release (C:\Users\kibro\Dropbox\Mon PC (LAPTOP-0BO1M0KD)\Documents\showdownserver\pokemon-showdown-master\dist\lib\process-manager.js:193:12)
    at QueryProcessManager.releaseCrashed (C:\Users\kibro\Dropbox\Mon PC (LAPTOP-0BO1M0KD)\Documents\showdownserver\pokemon-showdown-master\dist\lib\process-manager.js:407:19)
    at ChildProcess.<anonymous> (C:\Users\kibro\Dropbox\Mon PC (LAPTOP-0BO1M0KD)\Documents\showdownserver\pokemon-showdown-master\dist\lib\process-manager.js:466:50)
    at ChildProcess.emit (node:events:513:28)
    at ChildProcess.emit (node:domain:489:12)
    at finish (node:internal/child_process:921:14)
    at process.processTicksAndRejections (node:internal/process/task_queues:77:11)

Error [ERR_IPC_DISCONNECTED]: IPC channel is already disconnected
    at new NodeError (node:internal/errors:393:5)
    at target.disconnect (node:internal/child_process:891:26)
    at QueryProcessWrapper.destroy (C:\Users\kibro\Dropbox\Mon PC (LAPTOP-0BO1M0KD)\Documents\showdownserver\pokemon-showdown-master\dist\lib\process-manager.js:205:18)
    at QueryProcessWrapper.release (C:\Users\kibro\Dropbox\Mon PC (LAPTOP-0BO1M0KD)\Documents\showdownserver\pokemon-showdown-master\dist\lib\process-manager.js:193:12)
    at QueryProcessManager.releaseCrashed (C:\Users\kibro\Dropbox\Mon PC (LAPTOP-0BO1M0KD)\Documents\showdownserver\pokemon-showdown-master\dist\lib\process-manager.js:407:19)
    at ChildProcess.<anonymous> (C:\Users\kibro\Dropbox\Mon PC (LAPTOP-0BO1M0KD)\Documents\showdownserver\pokemon-showdown-master\dist\lib\process-manager.js:466:50)
    at ChildProcess.emit (node:events:513:28)
    at ChildProcess.emit (node:domain:489:12)
    at finish (node:internal/child_process:921:14)
    at process.processTicksAndRejections (node:internal/process/task_queues:77:11)

TypeError: Cannot read properties of null (reading 'then')
    at RawProcessManager.releaseCrashed (C:\Users\kibro\Dropbox\Mon PC (LAPTOP-0BO1M0KD)\Documents\showdownserver\pokemon-showdown-master\dist\lib\process-manager.js:407:28)
    at Worker.<anonymous> (C:\Users\kibro\Dropbox\Mon PC (LAPTOP-0BO1M0KD)\Documents\showdownserver\pokemon-showdown-master\dist\lib\process-manager.js:466:50)
    at Worker.emit (node:events:513:28)
    at Worker.emit (node:domain:489:12)
    at ChildProcess.<anonymous> (node:internal/cluster/primary:209:12)
    at Object.onceWrapper (node:events:627:28)
    at ChildProcess.emit (node:events:513:28)
    at ChildProcess.emit (node:domain:489:12)
    at finish (node:internal/child_process:921:14)
    at process.processTicksAndRejections (node:internal/process/task_queues:77:11)

Error [ERR_IPC_DISCONNECTED]: IPC channel is already disconnected
    at new NodeError (node:internal/errors:393:5)
    at target.disconnect (node:internal/child_process:891:26)
    at QueryProcessWrapper.destroy (C:\Users\kibro\Dropbox\Mon PC (LAPTOP-0BO1M0KD)\Documents\showdownserver\pokemon-showdown-master\dist\lib\process-manager.js:205:18)
    at QueryProcessWrapper.release (C:\Users\kibro\Dropbox\Mon PC (LAPTOP-0BO1M0KD)\Documents\showdownserver\pokemon-showdown-master\dist\lib\process-manager.js:193:12)
    at QueryProcessManager.releaseCrashed (C:\Users\kibro\Dropbox\Mon PC (LAPTOP-0BO1M0KD)\Documents\showdownserver\pokemon-showdown-master\dist\lib\process-manager.js:407:19)
    at ChildProcess.<anonymous> (C:\Users\kibro\Dropbox\Mon PC (LAPTOP-0BO1M0KD)\Documents\showdownserver\pokemon-showdown-master\dist\lib\process-manager.js:466:50)
    at ChildProcess.emit (node:events:513:28)
    at ChildProcess.emit (node:domain:489:12)
    at finish (node:internal/child_process:921:14)
    at process.processTicksAndRejections (node:internal/process/task_queues:77:11)

Error [ERR_IPC_DISCONNECTED]: IPC channel is already disconnected
    at new NodeError (node:internal/errors:393:5)
    at target.disconnect (node:internal/child_process:891:26)
    at StreamProcessWrapper.destroy (C:\Users\kibro\Dropbox\Mon PC (LAPTOP-0BO1M0KD)\Documents\showdownserver\pokemon-showdown-master\dist\lib\process-manager.js:306:18)
    at StreamProcessWrapper.release (C:\Users\kibro\Dropbox\Mon PC (LAPTOP-0BO1M0KD)\Documents\showdownserver\pokemon-showdown-master\dist\lib\process-manager.js:294:17)
    at StreamProcessManager.releaseCrashed (C:\Users\kibro\Dropbox\Mon PC (LAPTOP-0BO1M0KD)\Documents\showdownserver\pokemon-showdown-master\dist\lib\process-manager.js:407:19)
    at ChildProcess.<anonymous> (C:\Users\kibro\Dropbox\Mon PC (LAPTOP-0BO1M0KD)\Documents\showdownserver\pokemon-showdown-master\dist\lib\process-manager.js:466:50)
    at ChildProcess.emit (node:events:513:28)
    at ChildProcess.emit (node:domain:489:12)
    at finish (node:internal/child_process:921:14)
    at process.processTicksAndRejections (node:internal/process/task_queues:77:11)

Error [ERR_IPC_DISCONNECTED]: IPC channel is already disconnected
    at new NodeError (node:internal/errors:393:5)
    at target.disconnect (node:internal/child_process:891:26)
    at QueryProcessWrapper.destroy (C:\Users\kibro\Dropbox\Mon PC (LAPTOP-0BO1M0KD)\Documents\showdownserver\pokemon-showdown-master\dist\lib\process-manager.js:205:18)
    at QueryProcessWrapper.release (C:\Users\kibro\Dropbox\Mon PC (LAPTOP-0BO1M0KD)\Documents\showdownserver\pokemon-showdown-master\dist\lib\process-manager.js:193:12)
    at SQLDatabaseManager.releaseCrashed (C:\Users\kibro\Dropbox\Mon PC (LAPTOP-0BO1M0KD)\Documents\showdownserver\pokemon-showdown-master\dist\lib\process-manager.js:407:19)
    at ChildProcess.<anonymous> (C:\Users\kibro\Dropbox\Mon PC (LAPTOP-0BO1M0KD)\Documents\showdownserver\pokemon-showdown-master\dist\lib\process-manager.js:466:50)
    at ChildProcess.emit (node:events:513:28)
    at ChildProcess.emit (node:domain:489:12)
    at finish (node:internal/child_process:921:14)
    at process.processTicksAndRejections (node:internal/process/task_queues:77:11)

Error [ERR_IPC_DISCONNECTED]: IPC channel is already disconnected
    at new NodeError (node:internal/errors:393:5)
    at target.disconnect (node:internal/child_process:891:26)
    at QueryProcessWrapper.destroy (C:\Users\kibro\Dropbox\Mon PC (LAPTOP-0BO1M0KD)\Documents\showdownserver\pokemon-showdown-master\dist\lib\process-manager.js:205:18)
    at QueryProcessWrapper.release (C:\Users\kibro\Dropbox\Mon PC (LAPTOP-0BO1M0KD)\Documents\showdownserver\pokemon-showdown-master\dist\lib\process-manager.js:193:12)
    at QueryProcessManager.releaseCrashed (C:\Users\kibro\Dropbox\Mon PC (LAPTOP-0BO1M0KD)\Documents\showdownserver\pokemon-showdown-master\dist\lib\process-manager.js:407:19)
    at ChildProcess.<anonymous> (C:\Users\kibro\Dropbox\Mon PC (LAPTOP-0BO1M0KD)\Documents\showdownserver\pokemon-showdown-master\dist\lib\process-manager.js:466:50)
    at ChildProcess.emit (node:events:513:28)
    at ChildProcess.emit (node:domain:489:12)
    at finish (node:internal/child_process:921:14)
    at process.processTicksAndRejections (node:internal/process/task_queues:77:11)

Error [ERR_IPC_DISCONNECTED]: IPC channel is already disconnected
    at new NodeError (node:internal/errors:393:5)
    at target.disconnect (node:internal/child_process:891:26)
    at StreamProcessWrapper.destroy (C:\Users\kibro\Dropbox\Mon PC (LAPTOP-0BO1M0KD)\Documents\showdownserver\pokemon-showdown-master\dist\lib\process-manager.js:306:18)
    at StreamProcessWrapper.release (C:\Users\kibro\Dropbox\Mon PC (LAPTOP-0BO1M0KD)\Documents\showdownserver\pokemon-showdown-master\dist\lib\process-manager.js:294:17)
    at StreamProcessManager.releaseCrashed (C:\Users\kibro\Dropbox\Mon PC (LAPTOP-0BO1M0KD)\Documents\showdownserver\pokemon-showdown-master\dist\lib\process-manager.js:407:19)
    at ChildProcess.<anonymous> (C:\Users\kibro\Dropbox\Mon PC (LAPTOP-0BO1M0KD)\Documents\showdownserver\pokemon-showdown-master\dist\lib\process-manager.js:466:50)
    at ChildProcess.emit (node:events:513:28)
    at ChildProcess.emit (node:domain:489:12)
    at finish (node:internal/child_process:921:14)
    at process.processTicksAndRejections (node:internal/process/task_queues:77:11)

Error [ERR_IPC_DISCONNECTED]: IPC channel is already disconnected
    at new NodeError (node:internal/errors:393:5)
    at target.disconnect (node:internal/child_process:891:26)
    at QueryProcessWrapper.destroy (C:\Users\kibro\Dropbox\Mon PC (LAPTOP-0BO1M0KD)\Documents\showdownserver\pokemon-showdown-master\dist\lib\process-manager.js:205:18)
    at QueryProcessWrapper.release (C:\Users\kibro\Dropbox\Mon PC (LAPTOP-0BO1M0KD)\Documents\showdownserver\pokemon-showdown-master\dist\lib\process-manager.js:193:12)
    at SQLDatabaseManager.releaseCrashed (C:\Users\kibro\Dropbox\Mon PC (LAPTOP-0BO1M0KD)\Documents\showdownserver\pokemon-showdown-master\dist\lib\process-manager.js:407:19)
    at ChildProcess.<anonymous> (C:\Users\kibro\Dropbox\Mon PC (LAPTOP-0BO1M0KD)\Documents\showdownserver\pokemon-showdown-master\dist\lib\process-manager.js:466:50)
    at ChildProcess.emit (node:events:513:28)
    at ChildProcess.emit (node:domain:489:12)
    at finish (node:internal/child_process:921:14)
    at process.processTicksAndRejections (node:internal/process/task_queues:77:11)

Error [ERR_IPC_DISCONNECTED]: IPC channel is already disconnected
    at new NodeError (node:internal/errors:393:5)
    at target.disconnect (node:internal/child_process:891:26)
    at QueryProcessWrapper.destroy (C:\Users\kibro\Dropbox\Mon PC (LAPTOP-0BO1M0KD)\Documents\showdownserver\pokemon-showdown-master\dist\lib\process-manager.js:205:18)
    at QueryProcessWrapper.release (C:\Users\kibro\Dropbox\Mon PC (LAPTOP-0BO1M0KD)\Documents\showdownserver\pokemon-showdown-master\dist\lib\process-manager.js:193:12)
    at SQLDatabaseManager.releaseCrashed (C:\Users\kibro\Dropbox\Mon PC (LAPTOP-0BO1M0KD)\Documents\showdownserver\pokemon-showdown-master\dist\lib\process-manager.js:407:19)
    at ChildProcess.<anonymous> (C:\Users\kibro\Dropbox\Mon PC (LAPTOP-0BO1M0KD)\Documents\showdownserver\pokemon-showdown-master\dist\lib\process-manager.js:466:50)
    at ChildProcess.emit (node:events:513:28)
    at ChildProcess.emit (node:domain:489:12)
    at finish (node:internal/child_process:921:14)
    at process.processTicksAndRejections (node:internal/process/task_queues:77:11)

Error [ERR_IPC_DISCONNECTED]: IPC channel is already disconnected
    at new NodeError (node:internal/errors:393:5)
    at target.disconnect (node:internal/child_process:891:26)
    at QueryProcessWrapper.destroy (C:\Users\kibro\Dropbox\Mon PC (LAPTOP-0BO1M0KD)\Documents\showdownserver\pokemon-showdown-master\dist\lib\process-manager.js:205:18)
    at QueryProcessWrapper.release (C:\Users\kibro\Dropbox\Mon PC (LAPTOP-0BO1M0KD)\Documents\showdownserver\pokemon-showdown-master\dist\lib\process-manager.js:193:12)
    at QueryProcessManager.releaseCrashed (C:\Users\kibro\Dropbox\Mon PC (LAPTOP-0BO1M0KD)\Documents\showdownserver\pokemon-showdown-master\dist\lib\process-manager.js:407:19)
    at ChildProcess.<anonymous> (C:\Users\kibro\Dropbox\Mon PC (LAPTOP-0BO1M0KD)\Documents\showdownserver\pokemon-showdown-master\dist\lib\process-manager.js:466:50)
    at ChildProcess.emit (node:events:513:28)
    at ChildProcess.emit (node:domain:489:12)
    at finish (node:internal/child_process:921:14)
    at process.processTicksAndRejections (node:internal/process/task_queues:77:11)

Error [ERR_IPC_DISCONNECTED]: IPC channel is already disconnected
    at new NodeError (node:internal/errors:393:5)
    at target.disconnect (node:internal/child_process:891:26)
    at QueryProcessWrapper.destroy (C:\Users\kibro\Dropbox\Mon PC (LAPTOP-0BO1M0KD)\Documents\showdownserver\pokemon-showdown-master\dist\lib\process-manager.js:205:18)
    at QueryProcessWrapper.release (C:\Users\kibro\Dropbox\Mon PC (LAPTOP-0BO1M0KD)\Documents\showdownserver\pokemon-showdown-master\dist\lib\process-manager.js:193:12)
    at QueryProcessManager.releaseCrashed (C:\Users\kibro\Dropbox\Mon PC (LAPTOP-0BO1M0KD)\Documents\showdownserver\pokemon-showdown-master\dist\lib\process-manager.js:407:19)
    at ChildProcess.<anonymous> (C:\Users\kibro\Dropbox\Mon PC (LAPTOP-0BO1M0KD)\Documents\showdownserver\pokemon-showdown-master\dist\lib\process-manager.js:466:50)
    at ChildProcess.emit (node:events:513:28)
    at ChildProcess.emit (node:domain:489:12)
    at finish (node:internal/child_process:921:14)
    at process.processTicksAndRejections (node:internal/process/task_queues:77:11)

Error [ERR_IPC_DISCONNECTED]: IPC channel is already disconnected
    at new NodeError (node:internal/errors:393:5)
    at target.disconnect (node:internal/child_process:891:26)
    at QueryProcessWrapper.destroy (C:\Users\kibro\Dropbox\Mon PC (LAPTOP-0BO1M0KD)\Documents\showdownserver\pokemon-showdown-master\dist\lib\process-manager.js:205:18)
    at QueryProcessWrapper.release (C:\Users\kibro\Dropbox\Mon PC (LAPTOP-0BO1M0KD)\Documents\showdownserver\pokemon-showdown-master\dist\lib\process-manager.js:193:12)
    at QueryProcessManager.releaseCrashed (C:\Users\kibro\Dropbox\Mon PC (LAPTOP-0BO1M0KD)\Documents\showdownserver\pokemon-showdown-master\dist\lib\process-manager.js:407:19)
    at ChildProcess.<anonymous> (C:\Users\kibro\Dropbox\Mon PC (LAPTOP-0BO1M0KD)\Documents\showdownserver\pokemon-showdown-master\dist\lib\process-manager.js:466:50)
    at ChildProcess.emit (node:events:513:28)
    at ChildProcess.emit (node:domain:489:12)
    at finish (node:internal/child_process:921:14)
    at process.processTicksAndRejections (node:internal/process/task_queues:77:11)

Error: Process sockets.js 28628 crashed and had to be restarted
    at RawProcessManager.releaseCrashed (C:\Users\kibro\Dropbox\Mon PC (LAPTOP-0BO1M0KD)\Documents\showdownserver\pokemon-showdown-master\dist\lib\process-manager.js:422:7)
    at Worker.<anonymous> (C:\Users\kibro\Dropbox\Mon PC (LAPTOP-0BO1M0KD)\Documents\showdownserver\pokemon-showdown-master\dist\lib\process-manager.js:466:50)
    at Worker.emit (node:events:513:28)
    at Worker.emit (node:domain:489:12)
    at ChildProcess.<anonymous> (node:internal/cluster/primary:209:12)
    at Object.onceWrapper (node:events:627:28)
    at ChildProcess.emit (node:events:513:28)
    at ChildProcess.emit (node:domain:489:12)
    at finish (node:internal/child_process:921:14)
    at process.processTicksAndRejections (node:internal/process/task_queues:77:11)

Error [ERR_IPC_DISCONNECTED]: IPC channel is already disconnected
    at new NodeError (node:internal/errors:393:5)
    at target.disconnect (node:internal/child_process:891:26)
    at QueryProcessWrapper.destroy (C:\Users\kibro\Dropbox\Mon PC (LAPTOP-0BO1M0KD)\Documents\showdownserver\pokemon-showdown-master\dist\lib\process-manager.js:205:18)
    at QueryProcessWrapper.release (C:\Users\kibro\Dropbox\Mon PC (LAPTOP-0BO1M0KD)\Documents\showdownserver\pokemon-showdown-master\dist\lib\process-manager.js:193:12)
    at QueryProcessManager.releaseCrashed (C:\Users\kibro\Dropbox\Mon PC (LAPTOP-0BO1M0KD)\Documents\showdownserver\pokemon-showdown-master\dist\lib\process-manager.js:407:19)
    at ChildProcess.<anonymous> (C:\Users\kibro\Dropbox\Mon PC (LAPTOP-0BO1M0KD)\Documents\showdownserver\pokemon-showdown-master\dist\lib\process-manager.js:466:50)
    at ChildProcess.emit (node:events:513:28)
    at ChildProcess.emit (node:domain:489:12)
    at finish (node:internal/child_process:921:14)
    at process.processTicksAndRejections (node:internal/process/task_queues:77:11)

Error [ERR_IPC_DISCONNECTED]: IPC channel is already disconnected
    at new NodeError (node:internal/errors:393:5)
    at target.disconnect (node:internal/child_process:891:26)
    at StreamProcessWrapper.destroy (C:\Users\kibro\Dropbox\Mon PC (LAPTOP-0BO1M0KD)\Documents\showdownserver\pokemon-showdown-master\dist\lib\process-manager.js:306:18)
    at StreamProcessWrapper.release (C:\Users\kibro\Dropbox\Mon PC (LAPTOP-0BO1M0KD)\Documents\showdownserver\pokemon-showdown-master\dist\lib\process-manager.js:294:17)
    at StreamProcessManager.releaseCrashed (C:\Users\kibro\Dropbox\Mon PC (LAPTOP-0BO1M0KD)\Documents\showdownserver\pokemon-showdown-master\dist\lib\process-manager.js:407:19)
    at ChildProcess.<anonymous> (C:\Users\kibro\Dropbox\Mon PC (LAPTOP-0BO1M0KD)\Documents\showdownserver\pokemon-showdown-master\dist\lib\process-manager.js:466:50)
    at ChildProcess.emit (node:events:513:28)
    at ChildProcess.emit (node:domain:489:12)
    at finish (node:internal/child_process:921:14)
    at process.processTicksAndRejections (node:internal/process/task_queues:77:11)

Error [ERR_IPC_DISCONNECTED]: IPC channel is already disconnected
    at new NodeError (node:internal/errors:393:5)
    at target.disconnect (node:internal/child_process:891:26)
    at QueryProcessWrapper.destroy (C:\Users\kibro\Dropbox\Mon PC (LAPTOP-0BO1M0KD)\Documents\showdownserver\pokemon-showdown-master\dist\lib\process-manager.js:205:18)
    at QueryProcessWrapper.release (C:\Users\kibro\Dropbox\Mon PC (LAPTOP-0BO1M0KD)\Documents\showdownserver\pokemon-showdown-master\dist\lib\process-manager.js:193:12)
    at SQLDatabaseManager.releaseCrashed (C:\Users\kibro\Dropbox\Mon PC (LAPTOP-0BO1M0KD)\Documents\showdownserver\pokemon-showdown-master\dist\lib\process-manager.js:407:19)
    at ChildProcess.<anonymous> (C:\Users\kibro\Dropbox\Mon PC (LAPTOP-0BO1M0KD)\Documents\showdownserver\pokemon-showdown-master\dist\lib\process-manager.js:466:50)
    at ChildProcess.emit (node:events:513:28)
    at ChildProcess.emit (node:domain:489:12)
    at finish (node:internal/child_process:921:14)
    at process.processTicksAndRejections (node:internal/process/task_queues:77:11)

Error [ERR_IPC_DISCONNECTED]: IPC channel is already disconnected
    at new NodeError (node:internal/errors:393:5)
    at target.disconnect (node:internal/child_process:891:26)
    at QueryProcessWrapper.destroy (C:\Users\kibro\Dropbox\Mon PC (LAPTOP-0BO1M0KD)\Documents\showdownserver\pokemon-showdown-master\dist\lib\process-manager.js:205:18)
    at QueryProcessWrapper.release (C:\Users\kibro\Dropbox\Mon PC (LAPTOP-0BO1M0KD)\Documents\showdownserver\pokemon-showdown-master\dist\lib\process-manager.js:193:12)
    at QueryProcessManager.releaseCrashed (C:\Users\kibro\Dropbox\Mon PC (LAPTOP-0BO1M0KD)\Documents\showdownserver\pokemon-showdown-master\dist\lib\process-manager.js:407:19)
    at ChildProcess.<anonymous> (C:\Users\kibro\Dropbox\Mon PC (LAPTOP-0BO1M0KD)\Documents\showdownserver\pokemon-showdown-master\dist\lib\process-manager.js:466:50)
    at ChildProcess.emit (node:events:513:28)
    at ChildProcess.emit (node:domain:489:12)
    at finish (node:internal/child_process:921:14)
    at process.processTicksAndRejections (node:internal/process/task_queues:77:11)

Error [ERR_IPC_DISCONNECTED]: IPC channel is already disconnected
    at new NodeError (node:internal/errors:393:5)
    at target.disconnect (node:internal/child_process:891:26)
    at StreamProcessWrapper.destroy (C:\Users\kibro\Dropbox\Mon PC (LAPTOP-0BO1M0KD)\Documents\showdownserver\pokemon-showdown-master\dist\lib\process-manager.js:306:18)
    at StreamProcessWrapper.release (C:\Users\kibro\Dropbox\Mon PC (LAPTOP-0BO1M0KD)\Documents\showdownserver\pokemon-showdown-master\dist\lib\process-manager.js:294:17)
    at StreamProcessManager.releaseCrashed (C:\Users\kibro\Dropbox\Mon PC (LAPTOP-0BO1M0KD)\Documents\showdownserver\pokemon-showdown-master\dist\lib\process-manager.js:407:19)
    at ChildProcess.<anonymous> (C:\Users\kibro\Dropbox\Mon PC (LAPTOP-0BO1M0KD)\Documents\showdownserver\pokemon-showdown-master\dist\lib\process-manager.js:466:50)
    at ChildProcess.emit (node:events:513:28)
    at ChildProcess.emit (node:domain:489:12)
    at finish (node:internal/child_process:921:14)
    at process.processTicksAndRejections (node:internal/process/task_queues:77:11)

Error [ERR_IPC_DISCONNECTED]: IPC channel is already disconnected
    at new NodeError (node:internal/errors:393:5)
    at target.disconnect (node:internal/child_process:891:26)
    at QueryProcessWrapper.destroy (C:\Users\kibro\Dropbox\Mon PC (LAPTOP-0BO1M0KD)\Documents\showdownserver\pokemon-showdown-master\dist\lib\process-manager.js:205:18)
    at QueryProcessWrapper.release (C:\Users\kibro\Dropbox\Mon PC (LAPTOP-0BO1M0KD)\Documents\showdownserver\pokemon-showdown-master\dist\lib\process-manager.js:193:12)
    at SQLDatabaseManager.releaseCrashed (C:\Users\kibro\Dropbox\Mon PC (LAPTOP-0BO1M0KD)\Documents\showdownserver\pokemon-showdown-master\dist\lib\process-manager.js:407:19)
    at ChildProcess.<anonymous> (C:\Users\kibro\Dropbox\Mon PC (LAPTOP-0BO1M0KD)\Documents\showdownserver\pokemon-showdown-master\dist\lib\process-manager.js:466:50)
    at ChildProcess.emit (node:events:513:28)
    at ChildProcess.emit (node:domain:489:12)
    at finish (node:internal/child_process:921:14)
    at process.processTicksAndRejections (node:internal/process/task_queues:77:11)

Error [ERR_IPC_DISCONNECTED]: IPC channel is already disconnected
    at new NodeError (node:internal/errors:393:5)
    at target.disconnect (node:internal/child_process:891:26)
    at QueryProcessWrapper.destroy (C:\Users\kibro\Dropbox\Mon PC (LAPTOP-0BO1M0KD)\Documents\showdownserver\pokemon-showdown-master\dist\lib\process-manager.js:205:18)
    at QueryProcessWrapper.release (C:\Users\kibro\Dropbox\Mon PC (LAPTOP-0BO1M0KD)\Documents\showdownserver\pokemon-showdown-master\dist\lib\process-manager.js:193:12)
    at SQLDatabaseManager.releaseCrashed (C:\Users\kibro\Dropbox\Mon PC (LAPTOP-0BO1M0KD)\Documents\showdownserver\pokemon-showdown-master\dist\lib\process-manager.js:407:19)
    at ChildProcess.<anonymous> (C:\Users\kibro\Dropbox\Mon PC (LAPTOP-0BO1M0KD)\Documents\showdownserver\pokemon-showdown-master\dist\lib\process-manager.js:466:50)
    at ChildProcess.emit (node:events:513:28)
    at ChildProcess.emit (node:domain:489:12)
    at finish (node:internal/child_process:921:14)
    at process.processTicksAndRejections (node:internal/process/task_queues:77:11)

Error [ERR_IPC_DISCONNECTED]: IPC channel is already disconnected
    at new NodeError (node:internal/errors:393:5)
    at target.disconnect (node:internal/child_process:891:26)
    at QueryProcessWrapper.destroy (C:\Users\kibro\Dropbox\Mon PC (LAPTOP-0BO1M0KD)\Documents\showdownserver\pokemon-showdown-master\dist\lib\process-manager.js:205:18)
    at QueryProcessWrapper.release (C:\Users\kibro\Dropbox\Mon PC (LAPTOP-0BO1M0KD)\Documents\showdownserver\pokemon-showdown-master\dist\lib\process-manager.js:193:12)
    at QueryProcessManager.releaseCrashed (C:\Users\kibro\Dropbox\Mon PC (LAPTOP-0BO1M0KD)\Documents\showdownserver\pokemon-showdown-master\dist\lib\process-manager.js:407:19)
    at ChildProcess.<anonymous> (C:\Users\kibro\Dropbox\Mon PC (LAPTOP-0BO1M0KD)\Documents\showdownserver\pokemon-showdown-master\dist\lib\process-manager.js:466:50)
    at ChildProcess.emit (node:events:513:28)
    at ChildProcess.emit (node:domain:489:12)
    at finish (node:internal/child_process:921:14)
    at process.processTicksAndRejections (node:internal/process/task_queues:77:11)

Error [ERR_IPC_DISCONNECTED]: IPC channel is already disconnected
    at new NodeError (node:internal/errors:393:5)
    at target.disconnect (node:internal/child_process:891:26)
    at QueryProcessWrapper.destroy (C:\Users\kibro\Dropbox\Mon PC (LAPTOP-0BO1M0KD)\Documents\showdownserver\pokemon-showdown-master\dist\lib\process-manager.js:205:18)
    at QueryProcessWrapper.release (C:\Users\kibro\Dropbox\Mon PC (LAPTOP-0BO1M0KD)\Documents\showdownserver\pokemon-showdown-master\dist\lib\process-manager.js:193:12)
    at QueryProcessManager.releaseCrashed (C:\Users\kibro\Dropbox\Mon PC (LAPTOP-0BO1M0KD)\Documents\showdownserver\pokemon-showdown-master\dist\lib\process-manager.js:407:19)
    at ChildProcess.<anonymous> (C:\Users\kibro\Dropbox\Mon PC (LAPTOP-0BO1M0KD)\Documents\showdownserver\pokemon-showdown-master\dist\lib\process-manager.js:466:50)
    at ChildProcess.emit (node:events:513:28)
    at ChildProcess.emit (node:domain:489:12)
    at finish (node:internal/child_process:921:14)
    at process.processTicksAndRejections (node:internal/process/task_queues:77:11)

Error [ERR_IPC_DISCONNECTED]: IPC channel is already disconnected
    at new NodeError (node:internal/errors:393:5)
    at target.disconnect (node:internal/child_process:891:26)
    at QueryProcessWrapper.destroy (C:\Users\kibro\Dropbox\Mon PC (LAPTOP-0BO1M0KD)\Documents\showdownserver\pokemon-showdown-master\dist\lib\process-manager.js:205:18)
    at QueryProcessWrapper.release (C:\Users\kibro\Dropbox\Mon PC (LAPTOP-0BO1M0KD)\Documents\showdownserver\pokemon-showdown-master\dist\lib\process-manager.js:193:12)
    at QueryProcessManager.releaseCrashed (C:\Users\kibro\Dropbox\Mon PC (LAPTOP-0BO1M0KD)\Documents\showdownserver\pokemon-showdown-master\dist\lib\process-manager.js:407:19)
    at ChildProcess.<anonymous> (C:\Users\kibro\Dropbox\Mon PC (LAPTOP-0BO1M0KD)\Documents\showdownserver\pokemon-showdown-master\dist\lib\process-manager.js:466:50)
    at ChildProcess.emit (node:events:513:28)
    at ChildProcess.emit (node:domain:489:12)
    at finish (node:internal/child_process:921:14)
    at process.processTicksAndRejections (node:internal/process/task_queues:77:11)

Error: Process sockets.js 32352 crashed and had to be restarted
    at RawProcessManager.releaseCrashed (C:\Users\kibro\Dropbox\Mon PC (LAPTOP-0BO1M0KD)\Documents\showdownserver\pokemon-showdown-master\dist\lib\process-manager.js:422:7)
    at Worker.<anonymous> (C:\Users\kibro\Dropbox\Mon PC (LAPTOP-0BO1M0KD)\Documents\showdownserver\pokemon-showdown-master\dist\lib\process-manager.js:466:50)
    at Worker.emit (node:events:513:28)
    at Worker.emit (node:domain:489:12)
    at ChildProcess.<anonymous> (node:internal/cluster/primary:209:12)
    at Object.onceWrapper (node:events:627:28)
    at ChildProcess.emit (node:events:513:28)
    at ChildProcess.emit (node:domain:489:12)
    at finish (node:internal/child_process:921:14)
    at process.processTicksAndRejections (node:internal/process/task_queues:77:11)

Error [ERR_IPC_DISCONNECTED]: IPC channel is already disconnected
    at new NodeError (node:internal/errors:393:5)
    at target.disconnect (node:internal/child_process:891:26)
    at QueryProcessWrapper.destroy (C:\Users\kibro\Dropbox\Mon PC (LAPTOP-0BO1M0KD)\Documents\showdownserver\pokemon-showdown-master\dist\lib\process-manager.js:205:18)
    at QueryProcessWrapper.release (C:\Users\kibro\Dropbox\Mon PC (LAPTOP-0BO1M0KD)\Documents\showdownserver\pokemon-showdown-master\dist\lib\process-manager.js:193:12)
    at QueryProcessManager.releaseCrashed (C:\Users\kibro\Dropbox\Mon PC (LAPTOP-0BO1M0KD)\Documents\showdownserver\pokemon-showdown-master\dist\lib\process-manager.js:407:19)
    at ChildProcess.<anonymous> (C:\Users\kibro\Dropbox\Mon PC (LAPTOP-0BO1M0KD)\Documents\showdownserver\pokemon-showdown-master\dist\lib\process-manager.js:466:50)
    at ChildProcess.emit (node:events:513:28)
    at ChildProcess.emit (node:domain:489:12)
    at finish (node:internal/child_process:921:14)
    at process.processTicksAndRejections (node:internal/process/task_queues:77:11)

Error [ERR_IPC_DISCONNECTED]: IPC channel is already disconnected
    at new NodeError (node:internal/errors:393:5)
    at target.disconnect (node:internal/child_process:891:26)
    at StreamProcessWrapper.destroy (C:\Users\kibro\Dropbox\Mon PC (LAPTOP-0BO1M0KD)\Documents\showdownserver\pokemon-showdown-master\dist\lib\process-manager.js:306:18)
    at StreamProcessWrapper.release (C:\Users\kibro\Dropbox\Mon PC (LAPTOP-0BO1M0KD)\Documents\showdownserver\pokemon-showdown-master\dist\lib\process-manager.js:294:17)
    at StreamProcessManager.releaseCrashed (C:\Users\kibro\Dropbox\Mon PC (LAPTOP-0BO1M0KD)\Documents\showdownserver\pokemon-showdown-master\dist\lib\process-manager.js:407:19)
    at ChildProcess.<anonymous> (C:\Users\kibro\Dropbox\Mon PC (LAPTOP-0BO1M0KD)\Documents\showdownserver\pokemon-showdown-master\dist\lib\process-manager.js:466:50)
    at ChildProcess.emit (node:events:513:28)
    at ChildProcess.emit (node:domain:489:12)
    at finish (node:internal/child_process:921:14)
    at process.processTicksAndRejections (node:internal/process/task_queues:77:11)

Error [ERR_IPC_DISCONNECTED]: IPC channel is already disconnected
    at new NodeError (node:internal/errors:393:5)
    at target.disconnect (node:internal/child_process:891:26)
    at QueryProcessWrapper.destroy (C:\Users\kibro\Dropbox\Mon PC (LAPTOP-0BO1M0KD)\Documents\showdownserver\pokemon-showdown-master\dist\lib\process-manager.js:205:18)
    at QueryProcessWrapper.release (C:\Users\kibro\Dropbox\Mon PC (LAPTOP-0BO1M0KD)\Documents\showdownserver\pokemon-showdown-master\dist\lib\process-manager.js:193:12)
    at SQLDatabaseManager.releaseCrashed (C:\Users\kibro\Dropbox\Mon PC (LAPTOP-0BO1M0KD)\Documents\showdownserver\pokemon-showdown-master\dist\lib\process-manager.js:407:19)
    at ChildProcess.<anonymous> (C:\Users\kibro\Dropbox\Mon PC (LAPTOP-0BO1M0KD)\Documents\showdownserver\pokemon-showdown-master\dist\lib\process-manager.js:466:50)
    at ChildProcess.emit (node:events:513:28)
    at ChildProcess.emit (node:domain:489:12)
    at finish (node:internal/child_process:921:14)
    at process.processTicksAndRejections (node:internal/process/task_queues:77:11)

Error [ERR_IPC_DISCONNECTED]: IPC channel is already disconnected
    at new NodeError (node:internal/errors:393:5)
    at target.disconnect (node:internal/child_process:891:26)
    at QueryProcessWrapper.destroy (C:\Users\kibro\Dropbox\Mon PC (LAPTOP-0BO1M0KD)\Documents\showdownserver\pokemon-showdown-master\dist\lib\process-manager.js:205:18)
    at QueryProcessWrapper.release (C:\Users\kibro\Dropbox\Mon PC (LAPTOP-0BO1M0KD)\Documents\showdownserver\pokemon-showdown-master\dist\lib\process-manager.js:193:12)
    at QueryProcessManager.releaseCrashed (C:\Users\kibro\Dropbox\Mon PC (LAPTOP-0BO1M0KD)\Documents\showdownserver\pokemon-showdown-master\dist\lib\process-manager.js:407:19)
    at ChildProcess.<anonymous> (C:\Users\kibro\Dropbox\Mon PC (LAPTOP-0BO1M0KD)\Documents\showdownserver\pokemon-showdown-master\dist\lib\process-manager.js:466:50)
    at ChildProcess.emit (node:events:513:28)
    at ChildProcess.emit (node:domain:489:12)
    at finish (node:internal/child_process:921:14)
    at process.processTicksAndRejections (node:internal/process/task_queues:77:11)

Error [ERR_IPC_DISCONNECTED]: IPC channel is already disconnected
    at new NodeError (node:internal/errors:393:5)
    at target.disconnect (node:internal/child_process:891:26)
    at StreamProcessWrapper.destroy (C:\Users\kibro\Dropbox\Mon PC (LAPTOP-0BO1M0KD)\Documents\showdownserver\pokemon-showdown-master\dist\lib\process-manager.js:306:18)
    at StreamProcessWrapper.release (C:\Users\kibro\Dropbox\Mon PC (LAPTOP-0BO1M0KD)\Documents\showdownserver\pokemon-showdown-master\dist\lib\process-manager.js:294:17)
    at StreamProcessManager.releaseCrashed (C:\Users\kibro\Dropbox\Mon PC (LAPTOP-0BO1M0KD)\Documents\showdownserver\pokemon-showdown-master\dist\lib\process-manager.js:407:19)
    at ChildProcess.<anonymous> (C:\Users\kibro\Dropbox\Mon PC (LAPTOP-0BO1M0KD)\Documents\showdownserver\pokemon-showdown-master\dist\lib\process-manager.js:466:50)
    at ChildProcess.emit (node:events:513:28)
    at ChildProcess.emit (node:domain:489:12)
    at finish (node:internal/child_process:921:14)
    at process.processTicksAndRejections (node:internal/process/task_queues:77:11)

Error [ERR_IPC_DISCONNECTED]: IPC channel is already disconnected
    at new NodeError (node:internal/errors:393:5)
    at target.disconnect (node:internal/child_process:891:26)
    at QueryProcessWrapper.destroy (C:\Users\kibro\Dropbox\Mon PC (LAPTOP-0BO1M0KD)\Documents\showdownserver\pokemon-showdown-master\dist\lib\process-manager.js:205:18)
    at QueryProcessWrapper.release (C:\Users\kibro\Dropbox\Mon PC (LAPTOP-0BO1M0KD)\Documents\showdownserver\pokemon-showdown-master\dist\lib\process-manager.js:193:12)
    at QueryProcessManager.releaseCrashed (C:\Users\kibro\Dropbox\Mon PC (LAPTOP-0BO1M0KD)\Documents\showdownserver\pokemon-showdown-master\dist\lib\process-manager.js:407:19)
    at ChildProcess.<anonymous> (C:\Users\kibro\Dropbox\Mon PC (LAPTOP-0BO1M0KD)\Documents\showdownserver\pokemon-showdown-master\dist\lib\process-manager.js:466:50)
    at ChildProcess.emit (node:events:513:28)
    at ChildProcess.emit (node:domain:489:12)
    at finish (node:internal/child_process:921:14)
    at process.processTicksAndRejections (node:internal/process/task_queues:77:11)

Error [ERR_IPC_DISCONNECTED]: IPC channel is already disconnected
    at new NodeError (node:internal/errors:393:5)
    at target.disconnect (node:internal/child_process:891:26)
    at QueryProcessWrapper.destroy (C:\Users\kibro\Dropbox\Mon PC (LAPTOP-0BO1M0KD)\Documents\showdownserver\pokemon-showdown-master\dist\lib\process-manager.js:205:18)
    at QueryProcessWrapper.release (C:\Users\kibro\Dropbox\Mon PC (LAPTOP-0BO1M0KD)\Documents\showdownserver\pokemon-showdown-master\dist\lib\process-manager.js:193:12)
    at SQLDatabaseManager.releaseCrashed (C:\Users\kibro\Dropbox\Mon PC (LAPTOP-0BO1M0KD)\Documents\showdownserver\pokemon-showdown-master\dist\lib\process-manager.js:407:19)
    at ChildProcess.<anonymous> (C:\Users\kibro\Dropbox\Mon PC (LAPTOP-0BO1M0KD)\Documents\showdownserver\pokemon-showdown-master\dist\lib\process-manager.js:466:50)
    at ChildProcess.emit (node:events:513:28)
    at ChildProcess.emit (node:domain:489:12)
    at finish (node:internal/child_process:921:14)
    at process.processTicksAndRejections (node:internal/process/task_queues:77:11)

Error [ERR_IPC_DISCONNECTED]: IPC channel is already disconnected
    at new NodeError (node:internal/errors:393:5)
    at target.disconnect (node:internal/child_process:891:26)
    at QueryProcessWrapper.destroy (C:\Users\kibro\Dropbox\Mon PC (LAPTOP-0BO1M0KD)\Documents\showdownserver\pokemon-showdown-master\dist\lib\process-manager.js:205:18)
    at QueryProcessWrapper.release (C:\Users\kibro\Dropbox\Mon PC (LAPTOP-0BO1M0KD)\Documents\showdownserver\pokemon-showdown-master\dist\lib\process-manager.js:193:12)
    at SQLDatabaseManager.releaseCrashed (C:\Users\kibro\Dropbox\Mon PC (LAPTOP-0BO1M0KD)\Documents\showdownserver\pokemon-showdown-master\dist\lib\process-manager.js:407:19)
    at ChildProcess.<anonymous> (C:\Users\kibro\Dropbox\Mon PC (LAPTOP-0BO1M0KD)\Documents\showdownserver\pokemon-showdown-master\dist\lib\process-manager.js:466:50)
    at ChildProcess.emit (node:events:513:28)
    at ChildProcess.emit (node:domain:489:12)
    at finish (node:internal/child_process:921:14)
    at process.processTicksAndRejections (node:internal/process/task_queues:77:11)

Error [ERR_IPC_DISCONNECTED]: IPC channel is already disconnected
    at new NodeError (node:internal/errors:393:5)
    at target.disconnect (node:internal/child_process:891:26)
    at QueryProcessWrapper.destroy (C:\Users\kibro\Dropbox\Mon PC (LAPTOP-0BO1M0KD)\Documents\showdownserver\pokemon-showdown-master\dist\lib\process-manager.js:205:18)
    at QueryProcessWrapper.release (C:\Users\kibro\Dropbox\Mon PC (LAPTOP-0BO1M0KD)\Documents\showdownserver\pokemon-showdown-master\dist\lib\process-manager.js:193:12)
    at QueryProcessManager.releaseCrashed (C:\Users\kibro\Dropbox\Mon PC (LAPTOP-0BO1M0KD)\Documents\showdownserver\pokemon-showdown-master\dist\lib\process-manager.js:407:19)
    at ChildProcess.<anonymous> (C:\Users\kibro\Dropbox\Mon PC (LAPTOP-0BO1M0KD)\Documents\showdownserver\pokemon-showdown-master\dist\lib\process-manager.js:466:50)
    at ChildProcess.emit (node:events:513:28)
    at ChildProcess.emit (node:domain:489:12)
    at finish (node:internal/child_process:921:14)
    at process.processTicksAndRejections (node:internal/process/task_queues:77:11)

Error [ERR_IPC_DISCONNECTED]: IPC channel is already disconnected
    at new NodeError (node:internal/errors:393:5)
    at target.disconnect (node:internal/child_process:891:26)
    at QueryProcessWrapper.destroy (C:\Users\kibro\Dropbox\Mon PC (LAPTOP-0BO1M0KD)\Documents\showdownserver\pokemon-showdown-master\dist\lib\process-manager.js:205:18)
    at QueryProcessWrapper.release (C:\Users\kibro\Dropbox\Mon PC (LAPTOP-0BO1M0KD)\Documents\showdownserver\pokemon-showdown-master\dist\lib\process-manager.js:193:12)
    at QueryProcessManager.releaseCrashed (C:\Users\kibro\Dropbox\Mon PC (LAPTOP-0BO1M0KD)\Documents\showdownserver\pokemon-showdown-master\dist\lib\process-manager.js:407:19)
    at ChildProcess.<anonymous> (C:\Users\kibro\Dropbox\Mon PC (LAPTOP-0BO1M0KD)\Documents\showdownserver\pokemon-showdown-master\dist\lib\process-manager.js:466:50)
    at ChildProcess.emit (node:events:513:28)
    at ChildProcess.emit (node:domain:489:12)
    at finish (node:internal/child_process:921:14)
    at process.processTicksAndRejections (node:internal/process/task_queues:77:11)

Error [ERR_IPC_DISCONNECTED]: IPC channel is already disconnected
    at new NodeError (node:internal/errors:393:5)
    at target.disconnect (node:internal/child_process:891:26)
    at QueryProcessWrapper.destroy (C:\Users\kibro\Dropbox\Mon PC (LAPTOP-0BO1M0KD)\Documents\showdownserver\pokemon-showdown-master\dist\lib\process-manager.js:205:18)
    at QueryProcessWrapper.release (C:\Users\kibro\Dropbox\Mon PC (LAPTOP-0BO1M0KD)\Documents\showdownserver\pokemon-showdown-master\dist\lib\process-manager.js:193:12)
    at QueryProcessManager.releaseCrashed (C:\Users\kibro\Dropbox\Mon PC (LAPTOP-0BO1M0KD)\Documents\showdownserver\pokemon-showdown-master\dist\lib\process-manager.js:407:19)
    at ChildProcess.<anonymous> (C:\Users\kibro\Dropbox\Mon PC (LAPTOP-0BO1M0KD)\Documents\showdownserver\pokemon-showdown-master\dist\lib\process-manager.js:466:50)
    at ChildProcess.emit (node:events:513:28)
    at ChildProcess.emit (node:domain:489:12)
    at finish (node:internal/child_process:921:14)
    at process.processTicksAndRejections (node:internal/process/task_queues:77:11)

Error: Process sockets.js 23712 crashed and had to be restarted
    at RawProcessManager.releaseCrashed (C:\Users\kibro\Dropbox\Mon PC (LAPTOP-0BO1M0KD)\Documents\showdownserver\pokemon-showdown-master\dist\lib\process-manager.js:422:7)
    at Worker.<anonymous> (C:\Users\kibro\Dropbox\Mon PC (LAPTOP-0BO1M0KD)\Documents\showdownserver\pokemon-showdown-master\dist\lib\process-manager.js:466:50)
    at Worker.emit (node:events:513:28)
    at Worker.emit (node:domain:489:12)
    at ChildProcess.<anonymous> (node:internal/cluster/primary:209:12)
    at Object.onceWrapper (node:events:627:28)
    at ChildProcess.emit (node:events:513:28)
    at ChildProcess.emit (node:domain:489:12)
    at finish (node:internal/child_process:921:14)
    at process.processTicksAndRejections (node:internal/process/task_queues:77:11)

Error [ERR_IPC_DISCONNECTED]: IPC channel is already disconnected
    at new NodeError (node:internal/errors:393:5)
    at target.disconnect (node:internal/child_process:891:26)
    at StreamProcessWrapper.destroy (C:\Users\kibro\Dropbox\Mon PC (LAPTOP-0BO1M0KD)\Documents\showdownserver\pokemon-showdown-master\dist\lib\process-manager.js:306:18)
    at StreamProcessWrapper.release (C:\Users\kibro\Dropbox\Mon PC (LAPTOP-0BO1M0KD)\Documents\showdownserver\pokemon-showdown-master\dist\lib\process-manager.js:294:17)
    at StreamProcessManager.releaseCrashed (C:\Users\kibro\Dropbox\Mon PC (LAPTOP-0BO1M0KD)\Documents\showdownserver\pokemon-showdown-master\dist\lib\process-manager.js:407:19)
    at ChildProcess.<anonymous> (C:\Users\kibro\Dropbox\Mon PC (LAPTOP-0BO1M0KD)\Documents\showdownserver\pokemon-showdown-master\dist\lib\process-manager.js:466:50)
    at ChildProcess.emit (node:events:513:28)
    at ChildProcess.emit (node:domain:489:12)
    at finish (node:internal/child_process:921:14)
    at process.processTicksAndRejections (node:internal/process/task_queues:77:11)

Error [ERR_IPC_DISCONNECTED]: IPC channel is already disconnected
    at new NodeError (node:internal/errors:393:5)
    at target.disconnect (node:internal/child_process:891:26)
    at QueryProcessWrapper.destroy (C:\Users\kibro\Dropbox\Mon PC (LAPTOP-0BO1M0KD)\Documents\showdownserver\pokemon-showdown-master\dist\lib\process-manager.js:205:18)
    at QueryProcessWrapper.release (C:\Users\kibro\Dropbox\Mon PC (LAPTOP-0BO1M0KD)\Documents\showdownserver\pokemon-showdown-master\dist\lib\process-manager.js:193:12)
    at QueryProcessManager.releaseCrashed (C:\Users\kibro\Dropbox\Mon PC (LAPTOP-0BO1M0KD)\Documents\showdownserver\pokemon-showdown-master\dist\lib\process-manager.js:407:19)
    at ChildProcess.<anonymous> (C:\Users\kibro\Dropbox\Mon PC (LAPTOP-0BO1M0KD)\Documents\showdownserver\pokemon-showdown-master\dist\lib\process-manager.js:466:50)
    at ChildProcess.emit (node:events:513:28)
    at ChildProcess.emit (node:domain:489:12)
    at finish (node:internal/child_process:921:14)
    at process.processTicksAndRejections (node:internal/process/task_queues:77:11)

Error [ERR_IPC_DISCONNECTED]: IPC channel is already disconnected
    at new NodeError (node:internal/errors:393:5)
    at target.disconnect (node:internal/child_process:891:26)
    at QueryProcessWrapper.destroy (C:\Users\kibro\Dropbox\Mon PC (LAPTOP-0BO1M0KD)\Documents\showdownserver\pokemon-showdown-master\dist\lib\process-manager.js:205:18)
    at QueryProcessWrapper.release (C:\Users\kibro\Dropbox\Mon PC (LAPTOP-0BO1M0KD)\Documents\showdownserver\pokemon-showdown-master\dist\lib\process-manager.js:193:12)
    at SQLDatabaseManager.releaseCrashed (C:\Users\kibro\Dropbox\Mon PC (LAPTOP-0BO1M0KD)\Documents\showdownserver\pokemon-showdown-master\dist\lib\process-manager.js:407:19)
    at ChildProcess.<anonymous> (C:\Users\kibro\Dropbox\Mon PC (LAPTOP-0BO1M0KD)\Documents\showdownserver\pokemon-showdown-master\dist\lib\process-manager.js:466:50)
    at ChildProcess.emit (node:events:513:28)
    at ChildProcess.emit (node:domain:489:12)
    at finish (node:internal/child_process:921:14)
    at process.processTicksAndRejections (node:internal/process/task_queues:77:11)

Error [ERR_IPC_DISCONNECTED]: IPC channel is already disconnected
    at new NodeError (node:internal/errors:393:5)
    at target.disconnect (node:internal/child_process:891:26)
    at QueryProcessWrapper.destroy (C:\Users\kibro\Dropbox\Mon PC (LAPTOP-0BO1M0KD)\Documents\showdownserver\pokemon-showdown-master\dist\lib\process-manager.js:205:18)
    at QueryProcessWrapper.release (C:\Users\kibro\Dropbox\Mon PC (LAPTOP-0BO1M0KD)\Documents\showdownserver\pokemon-showdown-master\dist\lib\process-manager.js:193:12)
    at QueryProcessManager.releaseCrashed (C:\Users\kibro\Dropbox\Mon PC (LAPTOP-0BO1M0KD)\Documents\showdownserver\pokemon-showdown-master\dist\lib\process-manager.js:407:19)
    at ChildProcess.<anonymous> (C:\Users\kibro\Dropbox\Mon PC (LAPTOP-0BO1M0KD)\Documents\showdownserver\pokemon-showdown-master\dist\lib\process-manager.js:466:50)
    at ChildProcess.emit (node:events:513:28)
    at ChildProcess.emit (node:domain:489:12)
    at finish (node:internal/child_process:921:14)
    at process.processTicksAndRejections (node:internal/process/task_queues:77:11)

Error [ERR_IPC_DISCONNECTED]: IPC channel is already disconnected
    at new NodeError (node:internal/errors:393:5)
    at target.disconnect (node:internal/child_process:891:26)
    at StreamProcessWrapper.destroy (C:\Users\kibro\Dropbox\Mon PC (LAPTOP-0BO1M0KD)\Documents\showdownserver\pokemon-showdown-master\dist\lib\process-manager.js:306:18)
    at StreamProcessWrapper.release (C:\Users\kibro\Dropbox\Mon PC (LAPTOP-0BO1M0KD)\Documents\showdownserver\pokemon-showdown-master\dist\lib\process-manager.js:294:17)
    at StreamProcessManager.releaseCrashed (C:\Users\kibro\Dropbox\Mon PC (LAPTOP-0BO1M0KD)\Documents\showdownserver\pokemon-showdown-master\dist\lib\process-manager.js:407:19)
    at ChildProcess.<anonymous> (C:\Users\kibro\Dropbox\Mon PC (LAPTOP-0BO1M0KD)\Documents\showdownserver\pokemon-showdown-master\dist\lib\process-manager.js:466:50)
    at ChildProcess.emit (node:events:513:28)
    at ChildProcess.emit (node:domain:489:12)
    at finish (node:internal/child_process:921:14)
    at process.processTicksAndRejections (node:internal/process/task_queues:77:11)

Error [ERR_IPC_DISCONNECTED]: IPC channel is already disconnected
    at new NodeError (node:internal/errors:393:5)
    at target.disconnect (node:internal/child_process:891:26)
    at QueryProcessWrapper.destroy (C:\Users\kibro\Dropbox\Mon PC (LAPTOP-0BO1M0KD)\Documents\showdownserver\pokemon-showdown\dist\lib\process-manager.js:205:18)
    at QueryProcessWrapper.release (C:\Users\kibro\Dropbox\Mon PC (LAPTOP-0BO1M0KD)\Documents\showdownserver\pokemon-showdown\dist\lib\process-manager.js:193:12)
    at SQLDatabaseManager.releaseCrashed (C:\Users\kibro\Dropbox\Mon PC (LAPTOP-0BO1M0KD)\Documents\showdownserver\pokemon-showdown\dist\lib\process-manager.js:407:19)
    at ChildProcess.<anonymous> (C:\Users\kibro\Dropbox\Mon PC (LAPTOP-0BO1M0KD)\Documents\showdownserver\pokemon-showdown\dist\lib\process-manager.js:466:50)
    at ChildProcess.emit (node:events:513:28)
    at ChildProcess.emit (node:domain:489:12)
    at finish (node:internal/child_process:921:14)
    at process.processTicksAndRejections (node:internal/process/task_queues:77:11)

Error [ERR_IPC_DISCONNECTED]: IPC channel is already disconnected
    at new NodeError (node:internal/errors:393:5)
    at target.disconnect (node:internal/child_process:891:26)
    at QueryProcessWrapper.destroy (C:\Users\kibro\Dropbox\Mon PC (LAPTOP-0BO1M0KD)\Documents\showdownserver\pokemon-showdown\dist\lib\process-manager.js:205:18)
    at QueryProcessWrapper.release (C:\Users\kibro\Dropbox\Mon PC (LAPTOP-0BO1M0KD)\Documents\showdownserver\pokemon-showdown\dist\lib\process-manager.js:193:12)
    at SQLDatabaseManager.releaseCrashed (C:\Users\kibro\Dropbox\Mon PC (LAPTOP-0BO1M0KD)\Documents\showdownserver\pokemon-showdown\dist\lib\process-manager.js:407:19)
    at ChildProcess.<anonymous> (C:\Users\kibro\Dropbox\Mon PC (LAPTOP-0BO1M0KD)\Documents\showdownserver\pokemon-showdown\dist\lib\process-manager.js:466:50)
    at ChildProcess.emit (node:events:513:28)
    at ChildProcess.emit (node:domain:489:12)
    at finish (node:internal/child_process:921:14)
    at process.processTicksAndRejections (node:internal/process/task_queues:77:11)

Error [ERR_IPC_DISCONNECTED]: IPC channel is already disconnected
    at new NodeError (node:internal/errors:393:5)
    at target.disconnect (node:internal/child_process:891:26)
    at QueryProcessWrapper.destroy (C:\Users\kibro\Dropbox\Mon PC (LAPTOP-0BO1M0KD)\Documents\showdownserver\pokemon-showdown\dist\lib\process-manager.js:205:18)
    at QueryProcessWrapper.release (C:\Users\kibro\Dropbox\Mon PC (LAPTOP-0BO1M0KD)\Documents\showdownserver\pokemon-showdown\dist\lib\process-manager.js:193:12)
    at QueryProcessManager.releaseCrashed (C:\Users\kibro\Dropbox\Mon PC (LAPTOP-0BO1M0KD)\Documents\showdownserver\pokemon-showdown\dist\lib\process-manager.js:407:19)
    at ChildProcess.<anonymous> (C:\Users\kibro\Dropbox\Mon PC (LAPTOP-0BO1M0KD)\Documents\showdownserver\pokemon-showdown\dist\lib\process-manager.js:466:50)
    at ChildProcess.emit (node:events:513:28)
    at ChildProcess.emit (node:domain:489:12)
    at finish (node:internal/child_process:921:14)
    at process.processTicksAndRejections (node:internal/process/task_queues:77:11)

Error [ERR_IPC_DISCONNECTED]: IPC channel is already disconnected
    at new NodeError (node:internal/errors:393:5)
    at target.disconnect (node:internal/child_process:891:26)
    at QueryProcessWrapper.destroy (C:\Users\kibro\Dropbox\Mon PC (LAPTOP-0BO1M0KD)\Documents\showdownserver\pokemon-showdown\dist\lib\process-manager.js:205:18)
    at QueryProcessWrapper.release (C:\Users\kibro\Dropbox\Mon PC (LAPTOP-0BO1M0KD)\Documents\showdownserver\pokemon-showdown\dist\lib\process-manager.js:193:12)
    at QueryProcessManager.releaseCrashed (C:\Users\kibro\Dropbox\Mon PC (LAPTOP-0BO1M0KD)\Documents\showdownserver\pokemon-showdown\dist\lib\process-manager.js:407:19)
    at ChildProcess.<anonymous> (C:\Users\kibro\Dropbox\Mon PC (LAPTOP-0BO1M0KD)\Documents\showdownserver\pokemon-showdown\dist\lib\process-manager.js:466:50)
    at ChildProcess.emit (node:events:513:28)
    at ChildProcess.emit (node:domain:489:12)
    at finish (node:internal/child_process:921:14)
    at process.processTicksAndRejections (node:internal/process/task_queues:77:11)

Error [ERR_IPC_DISCONNECTED]: IPC channel is already disconnected
    at new NodeError (node:internal/errors:393:5)
    at target.disconnect (node:internal/child_process:891:26)
    at QueryProcessWrapper.destroy (C:\Users\kibro\Dropbox\Mon PC (LAPTOP-0BO1M0KD)\Documents\showdownserver\pokemon-showdown\dist\lib\process-manager.js:205:18)
    at QueryProcessWrapper.release (C:\Users\kibro\Dropbox\Mon PC (LAPTOP-0BO1M0KD)\Documents\showdownserver\pokemon-showdown\dist\lib\process-manager.js:193:12)
    at QueryProcessManager.releaseCrashed (C:\Users\kibro\Dropbox\Mon PC (LAPTOP-0BO1M0KD)\Documents\showdownserver\pokemon-showdown\dist\lib\process-manager.js:407:19)
    at ChildProcess.<anonymous> (C:\Users\kibro\Dropbox\Mon PC (LAPTOP-0BO1M0KD)\Documents\showdownserver\pokemon-showdown\dist\lib\process-manager.js:466:50)
    at ChildProcess.emit (node:events:513:28)
    at ChildProcess.emit (node:domain:489:12)
    at finish (node:internal/child_process:921:14)
    at process.processTicksAndRejections (node:internal/process/task_queues:77:11)

Error: Process sockets.js 29644 crashed and had to be restarted
    at RawProcessManager.releaseCrashed (C:\Users\kibro\Dropbox\Mon PC (LAPTOP-0BO1M0KD)\Documents\showdownserver\pokemon-showdown\dist\lib\process-manager.js:422:7)
    at Worker.<anonymous> (C:\Users\kibro\Dropbox\Mon PC (LAPTOP-0BO1M0KD)\Documents\showdownserver\pokemon-showdown\dist\lib\process-manager.js:466:50)
    at Worker.emit (node:events:513:28)
    at Worker.emit (node:domain:489:12)
    at ChildProcess.<anonymous> (node:internal/cluster/primary:209:12)
    at Object.onceWrapper (node:events:627:28)
    at ChildProcess.emit (node:events:513:28)
    at ChildProcess.emit (node:domain:489:12)
    at finish (node:internal/child_process:921:14)
    at process.processTicksAndRejections (node:internal/process/task_queues:77:11)

Error [ERR_IPC_DISCONNECTED]: IPC channel is already disconnected
    at new NodeError (node:internal/errors:393:5)
    at target.disconnect (node:internal/child_process:891:26)
    at QueryProcessWrapper.destroy (C:\Users\kibro\Dropbox\Mon PC (LAPTOP-0BO1M0KD)\Documents\showdownserver\pokemon-showdown\dist\lib\process-manager.js:205:18)
    at QueryProcessWrapper.release (C:\Users\kibro\Dropbox\Mon PC (LAPTOP-0BO1M0KD)\Documents\showdownserver\pokemon-showdown\dist\lib\process-manager.js:193:12)
    at QueryProcessManager.releaseCrashed (C:\Users\kibro\Dropbox\Mon PC (LAPTOP-0BO1M0KD)\Documents\showdownserver\pokemon-showdown\dist\lib\process-manager.js:407:19)
    at ChildProcess.<anonymous> (C:\Users\kibro\Dropbox\Mon PC (LAPTOP-0BO1M0KD)\Documents\showdownserver\pokemon-showdown\dist\lib\process-manager.js:466:50)
    at ChildProcess.emit (node:events:513:28)
    at ChildProcess.emit (node:domain:489:12)
    at finish (node:internal/child_process:921:14)
    at process.processTicksAndRejections (node:internal/process/task_queues:77:11)

Error [ERR_IPC_DISCONNECTED]: IPC channel is already disconnected
    at new NodeError (node:internal/errors:393:5)
    at target.disconnect (node:internal/child_process:891:26)
    at StreamProcessWrapper.destroy (C:\Users\kibro\Dropbox\Mon PC (LAPTOP-0BO1M0KD)\Documents\showdownserver\pokemon-showdown\dist\lib\process-manager.js:306:18)
    at StreamProcessWrapper.release (C:\Users\kibro\Dropbox\Mon PC (LAPTOP-0BO1M0KD)\Documents\showdownserver\pokemon-showdown\dist\lib\process-manager.js:294:17)
    at StreamProcessManager.releaseCrashed (C:\Users\kibro\Dropbox\Mon PC (LAPTOP-0BO1M0KD)\Documents\showdownserver\pokemon-showdown\dist\lib\process-manager.js:407:19)
    at ChildProcess.<anonymous> (C:\Users\kibro\Dropbox\Mon PC (LAPTOP-0BO1M0KD)\Documents\showdownserver\pokemon-showdown\dist\lib\process-manager.js:466:50)
    at ChildProcess.emit (node:events:513:28)
    at ChildProcess.emit (node:domain:489:12)
    at finish (node:internal/child_process:921:14)
    at process.processTicksAndRejections (node:internal/process/task_queues:77:11)

Error [ERR_IPC_DISCONNECTED]: IPC channel is already disconnected
    at new NodeError (node:internal/errors:393:5)
    at target.disconnect (node:internal/child_process:891:26)
    at QueryProcessWrapper.destroy (C:\Users\kibro\Dropbox\Mon PC (LAPTOP-0BO1M0KD)\Documents\showdownserver\pokemon-showdown\dist\lib\process-manager.js:205:18)
    at QueryProcessWrapper.release (C:\Users\kibro\Dropbox\Mon PC (LAPTOP-0BO1M0KD)\Documents\showdownserver\pokemon-showdown\dist\lib\process-manager.js:193:12)
    at SQLDatabaseManager.releaseCrashed (C:\Users\kibro\Dropbox\Mon PC (LAPTOP-0BO1M0KD)\Documents\showdownserver\pokemon-showdown\dist\lib\process-manager.js:407:19)
    at ChildProcess.<anonymous> (C:\Users\kibro\Dropbox\Mon PC (LAPTOP-0BO1M0KD)\Documents\showdownserver\pokemon-showdown\dist\lib\process-manager.js:466:50)
    at ChildProcess.emit (node:events:513:28)
    at ChildProcess.emit (node:domain:489:12)
    at finish (node:internal/child_process:921:14)
    at process.processTicksAndRejections (node:internal/process/task_queues:77:11)

Error [ERR_IPC_DISCONNECTED]: IPC channel is already disconnected
    at new NodeError (node:internal/errors:393:5)
    at target.disconnect (node:internal/child_process:891:26)
    at QueryProcessWrapper.destroy (C:\Users\kibro\Dropbox\Mon PC (LAPTOP-0BO1M0KD)\Documents\showdownserver\pokemon-showdown\dist\lib\process-manager.js:205:18)
    at QueryProcessWrapper.release (C:\Users\kibro\Dropbox\Mon PC (LAPTOP-0BO1M0KD)\Documents\showdownserver\pokemon-showdown\dist\lib\process-manager.js:193:12)
    at QueryProcessManager.releaseCrashed (C:\Users\kibro\Dropbox\Mon PC (LAPTOP-0BO1M0KD)\Documents\showdownserver\pokemon-showdown\dist\lib\process-manager.js:407:19)
    at ChildProcess.<anonymous> (C:\Users\kibro\Dropbox\Mon PC (LAPTOP-0BO1M0KD)\Documents\showdownserver\pokemon-showdown\dist\lib\process-manager.js:466:50)
    at ChildProcess.emit (node:events:513:28)
    at ChildProcess.emit (node:domain:489:12)
    at finish (node:internal/child_process:921:14)
    at process.processTicksAndRejections (node:internal/process/task_queues:77:11)

Error [ERR_IPC_DISCONNECTED]: IPC channel is already disconnected
    at new NodeError (node:internal/errors:393:5)
    at target.disconnect (node:internal/child_process:891:26)
    at StreamProcessWrapper.destroy (C:\Users\kibro\Dropbox\Mon PC (LAPTOP-0BO1M0KD)\Documents\showdownserver\pokemon-showdown\dist\lib\process-manager.js:306:18)
    at StreamProcessWrapper.release (C:\Users\kibro\Dropbox\Mon PC (LAPTOP-0BO1M0KD)\Documents\showdownserver\pokemon-showdown\dist\lib\process-manager.js:294:17)
    at StreamProcessManager.releaseCrashed (C:\Users\kibro\Dropbox\Mon PC (LAPTOP-0BO1M0KD)\Documents\showdownserver\pokemon-showdown\dist\lib\process-manager.js:407:19)
    at ChildProcess.<anonymous> (C:\Users\kibro\Dropbox\Mon PC (LAPTOP-0BO1M0KD)\Documents\showdownserver\pokemon-showdown\dist\lib\process-manager.js:466:50)
    at ChildProcess.emit (node:events:513:28)
    at ChildProcess.emit (node:domain:489:12)
    at finish (node:internal/child_process:921:14)
    at process.processTicksAndRejections (node:internal/process/task_queues:77:11)

Error [ERR_IPC_DISCONNECTED]: IPC channel is already disconnected
    at new NodeError (node:internal/errors:393:5)
    at target.disconnect (node:internal/child_process:891:26)
    at QueryProcessWrapper.destroy (C:\Users\kibro\Dropbox\Mon PC (LAPTOP-0BO1M0KD)\Documents\showdownserver\pokemon-showdown\dist\lib\process-manager.js:205:18)
    at QueryProcessWrapper.release (C:\Users\kibro\Dropbox\Mon PC (LAPTOP-0BO1M0KD)\Documents\showdownserver\pokemon-showdown\dist\lib\process-manager.js:193:12)
    at QueryProcessManager.releaseCrashed (C:\Users\kibro\Dropbox\Mon PC (LAPTOP-0BO1M0KD)\Documents\showdownserver\pokemon-showdown\dist\lib\process-manager.js:407:19)
    at ChildProcess.<anonymous> (C:\Users\kibro\Dropbox\Mon PC (LAPTOP-0BO1M0KD)\Documents\showdownserver\pokemon-showdown\dist\lib\process-manager.js:466:50)
    at ChildProcess.emit (node:events:513:28)
    at ChildProcess.emit (node:domain:489:12)
    at finish (node:internal/child_process:921:14)
    at process.processTicksAndRejections (node:internal/process/task_queues:77:11)
